// Jest Snapshot v1, https://goo.gl/fbAQLP

exports[`OrderFailure renders correctly 1`] = `
ShallowWrapper {
  Symbol(enzyme.__root__): [Circular],
  Symbol(enzyme.__unrendered__): <I18n
    ns="translations"
  >
    [Function]
  </I18n>,
  Symbol(enzyme.__renderer__): Object {
    "batchedUpdates": [Function],
    "checkPropTypes": [Function],
    "getNode": [Function],
    "render": [Function],
    "simulateError": [Function],
    "simulateEvent": [Function],
    "unmount": [Function],
  },
  Symbol(enzyme.__node__): Object {
    "instance": null,
    "key": undefined,
    "nodeType": "host",
    "props": Object {
      "children": Array [
        <h2>
          order.failure1
        </h2>,
        <h5>
          order.failure2
           
          <a
            href="mailto:support@nexchange.co.uk"
          >
            support@nexchange.co.uk
            .
          </a>
        </h5>,
        <OrderLinks />,
      ],
      "className": "text-center",
      "id": "order-failure",
    },
    "ref": null,
    "rendered": Array [
      Object {
        "instance": null,
        "key": undefined,
        "nodeType": "host",
        "props": Object {
          "children": "order.failure1",
        },
        "ref": null,
        "rendered": "order.failure1",
        "type": "h2",
      },
      Object {
        "instance": null,
        "key": undefined,
        "nodeType": "host",
        "props": Object {
          "children": Array [
            "order.failure2",
            " ",
            <a
              href="mailto:support@nexchange.co.uk"
            >
              support@nexchange.co.uk
              .
            </a>,
          ],
        },
        "ref": null,
        "rendered": Array [
          "order.failure2",
          " ",
          Object {
            "instance": null,
            "key": undefined,
            "nodeType": "host",
            "props": Object {
              "children": Array [
                "support@nexchange.co.uk",
                ".",
              ],
              "href": "mailto:support@nexchange.co.uk",
            },
            "ref": null,
            "rendered": Array [
              "support@nexchange.co.uk",
              ".",
            ],
            "type": "a",
          },
        ],
        "type": "h5",
      },
      Object {
        "instance": null,
        "key": undefined,
        "nodeType": "function",
        "props": Object {},
        "ref": null,
        "rendered": null,
        "type": [Function],
      },
    ],
    "type": "div",
  },
  Symbol(enzyme.__nodes__): Array [
    Object {
      "instance": null,
      "key": undefined,
      "nodeType": "host",
      "props": Object {
        "children": Array [
          <h2>
            order.failure1
          </h2>,
          <h5>
            order.failure2
             
            <a
              href="mailto:support@nexchange.co.uk"
            >
              support@nexchange.co.uk
              .
            </a>
          </h5>,
          <OrderLinks />,
        ],
        "className": "text-center",
        "id": "order-failure",
      },
      "ref": null,
      "rendered": Array [
        Object {
          "instance": null,
          "key": undefined,
          "nodeType": "host",
          "props": Object {
            "children": "order.failure1",
          },
          "ref": null,
          "rendered": "order.failure1",
          "type": "h2",
        },
        Object {
          "instance": null,
          "key": undefined,
          "nodeType": "host",
          "props": Object {
            "children": Array [
              "order.failure2",
              " ",
              <a
                href="mailto:support@nexchange.co.uk"
              >
                support@nexchange.co.uk
                .
              </a>,
            ],
          },
          "ref": null,
          "rendered": Array [
            "order.failure2",
            " ",
            Object {
              "instance": null,
              "key": undefined,
              "nodeType": "host",
              "props": Object {
                "children": Array [
                  "support@nexchange.co.uk",
                  ".",
                ],
                "href": "mailto:support@nexchange.co.uk",
              },
              "ref": null,
              "rendered": Array [
                "support@nexchange.co.uk",
                ".",
              ],
              "type": "a",
            },
          ],
          "type": "h5",
        },
        Object {
          "instance": null,
          "key": undefined,
          "nodeType": "function",
          "props": Object {},
          "ref": null,
          "rendered": null,
          "type": [Function],
        },
      ],
      "type": "div",
    },
  ],
  Symbol(enzyme.__options__): Object {
    "adapter": ReactSixteenAdapter {
      "options": Object {
        "enableComponentDidUpdateOnSetState": true,
        "legacyContextMode": "parent",
        "lifecycles": Object {
          "componentDidUpdate": Object {
            "onSetState": true,
          },
          "getChildContext": Object {
            "calledByRenderer": false,
          },
          "getDerivedStateFromError": true,
          "getDerivedStateFromProps": Object {
            "hasShouldComponentUpdateBug": false,
          },
          "getSnapshotBeforeUpdate": true,
          "setState": Object {
            "skipsComponentDidUpdateOnNullish": true,
          },
        },
      },
    },
    "context": Object {},
    Symbol(enzyme.__providerValues__): Map {},
  },
  Symbol(enzyme.__providerValues__): Map {},
}
`;
