// Jest Snapshot v1, https://goo.gl/fbAQLP

exports[`ICO renders correctly 1`] = `
ShallowWrapper {
  Symbol(enzyme.__root__): [Circular],
  Symbol(enzyme.__unrendered__): <I18n
    ns="translations"
  >
    [Function]
  </I18n>,
  Symbol(enzyme.__renderer__): Object {
    "batchedUpdates": [Function],
    "checkPropTypes": [Function],
    "getNode": [Function],
    "render": [Function],
    "simulateError": [Function],
    "simulateEvent": [Function],
    "unmount": [Function],
  },
  Symbol(enzyme.__node__): Object {
    "instance": null,
    "key": undefined,
    "nodeType": "host",
    "props": Object {
      "children": <div
        className="container"
      >
        <div
          className="row"
        >
          <div
            className="col-xs-12 col-sm-5 col-lg-6"
          >
            <h2>
              ico.title
            </h2>
            <h3>
              ico.desc
            </h3>
            <a
              className="btn btn btn-block btn-primary"
              href="https://Yoa.ltd/ico"
              onClick={[Function]}
              rel="noopener noreferrer"
              target="_blank"
            >
              ico.action
            </a>
          </div>
          <div
            className="col-xs-12 col-sm-push-1 col-sm-6 col-lg-5 col-lg-push-1"
          >
            <Ellipse
              coin="coss"
              style={
                Object {
                  "bottom": -10,
                  "height": 36,
                  "left": -40,
                  "width": 36,
                }
              }
            />
            <Ellipse
              coin="eos"
              style={
                Object {
                  "height": 32,
                  "left": "70%",
                  "top": -20,
                  "width": 32,
                }
              }
            />
            <Ellipse
              coin="btc"
              style={
                Object {
                  "height": 48,
                  "right": -20,
                  "top": 20,
                  "width": 48,
                }
              }
            />
            <div
              className="countdown"
            >
              <h4>
                ico.presale
              </h4>
              <Countdown
                controlled={false}
                date={1531612800000}
                daysInHours={false}
                intervalDelay={1000}
                precision={0}
                renderer={[Function]}
                zeroPadLength={2}
              />
            </div>
          </div>
        </div>
      </div>,
      "className": "container",
      "style": Object {
        "display": "none",
      },
    },
    "ref": null,
    "rendered": Object {
      "instance": null,
      "key": undefined,
      "nodeType": "host",
      "props": Object {
        "children": <div
          className="row"
        >
          <div
            className="col-xs-12 col-sm-5 col-lg-6"
          >
            <h2>
              ico.title
            </h2>
            <h3>
              ico.desc
            </h3>
            <a
              className="btn btn btn-block btn-primary"
              href="https://Yoa.ltd/ico"
              onClick={[Function]}
              rel="noopener noreferrer"
              target="_blank"
            >
              ico.action
            </a>
          </div>
          <div
            className="col-xs-12 col-sm-push-1 col-sm-6 col-lg-5 col-lg-push-1"
          >
            <Ellipse
              coin="coss"
              style={
                Object {
                  "bottom": -10,
                  "height": 36,
                  "left": -40,
                  "width": 36,
                }
              }
            />
            <Ellipse
              coin="eos"
              style={
                Object {
                  "height": 32,
                  "left": "70%",
                  "top": -20,
                  "width": 32,
                }
              }
            />
            <Ellipse
              coin="btc"
              style={
                Object {
                  "height": 48,
                  "right": -20,
                  "top": 20,
                  "width": 48,
                }
              }
            />
            <div
              className="countdown"
            >
              <h4>
                ico.presale
              </h4>
              <Countdown
                controlled={false}
                date={1531612800000}
                daysInHours={false}
                intervalDelay={1000}
                precision={0}
                renderer={[Function]}
                zeroPadLength={2}
              />
            </div>
          </div>
        </div>,
        "className": "container",
      },
      "ref": null,
      "rendered": Object {
        "instance": null,
        "key": undefined,
        "nodeType": "host",
        "props": Object {
          "children": Array [
            <div
              className="col-xs-12 col-sm-5 col-lg-6"
            >
              <h2>
                ico.title
              </h2>
              <h3>
                ico.desc
              </h3>
              <a
                className="btn btn btn-block btn-primary"
                href="https://Yoa.ltd/ico"
                onClick={[Function]}
                rel="noopener noreferrer"
                target="_blank"
              >
                ico.action
              </a>
            </div>,
            <div
              className="col-xs-12 col-sm-push-1 col-sm-6 col-lg-5 col-lg-push-1"
            >
              <Ellipse
                coin="coss"
                style={
                  Object {
                    "bottom": -10,
                    "height": 36,
                    "left": -40,
                    "width": 36,
                  }
                }
              />
              <Ellipse
                coin="eos"
                style={
                  Object {
                    "height": 32,
                    "left": "70%",
                    "top": -20,
                    "width": 32,
                  }
                }
              />
              <Ellipse
                coin="btc"
                style={
                  Object {
                    "height": 48,
                    "right": -20,
                    "top": 20,
                    "width": 48,
                  }
                }
              />
              <div
                className="countdown"
              >
                <h4>
                  ico.presale
                </h4>
                <Countdown
                  controlled={false}
                  date={1531612800000}
                  daysInHours={false}
                  intervalDelay={1000}
                  precision={0}
                  renderer={[Function]}
                  zeroPadLength={2}
                />
              </div>
            </div>,
          ],
          "className": "row",
        },
        "ref": null,
        "rendered": Array [
          Object {
            "instance": null,
            "key": undefined,
            "nodeType": "host",
            "props": Object {
              "children": Array [
                <h2>
                  ico.title
                </h2>,
                <h3>
                  ico.desc
                </h3>,
                <a
                  className="btn btn btn-block btn-primary"
                  href="https://Yoa.ltd/ico"
                  onClick={[Function]}
                  rel="noopener noreferrer"
                  target="_blank"
                >
                  ico.action
                </a>,
              ],
              "className": "col-xs-12 col-sm-5 col-lg-6",
            },
            "ref": null,
            "rendered": Array [
              Object {
                "instance": null,
                "key": undefined,
                "nodeType": "host",
                "props": Object {
                  "children": "ico.title",
                },
                "ref": null,
                "rendered": "ico.title",
                "type": "h2",
              },
              Object {
                "instance": null,
                "key": undefined,
                "nodeType": "host",
                "props": Object {
                  "children": "ico.desc",
                },
                "ref": null,
                "rendered": "ico.desc",
                "type": "h3",
              },
              Object {
                "instance": null,
                "key": undefined,
                "nodeType": "host",
                "props": Object {
                  "children": "ico.action",
                  "className": "btn btn btn-block btn-primary",
                  "href": "https://Yoa.ltd/ico",
                  "onClick": [Function],
                  "rel": "noopener noreferrer",
                  "target": "_blank",
                },
                "ref": null,
                "rendered": "ico.action",
                "type": "a",
              },
            ],
            "type": "div",
          },
          Object {
            "instance": null,
            "key": undefined,
            "nodeType": "host",
            "props": Object {
              "children": Array [
                <Ellipse
                  coin="coss"
                  style={
                    Object {
                      "bottom": -10,
                      "height": 36,
                      "left": -40,
                      "width": 36,
                    }
                  }
                />,
                <Ellipse
                  coin="eos"
                  style={
                    Object {
                      "height": 32,
                      "left": "70%",
                      "top": -20,
                      "width": 32,
                    }
                  }
                />,
                <Ellipse
                  coin="btc"
                  style={
                    Object {
                      "height": 48,
                      "right": -20,
                      "top": 20,
                      "width": 48,
                    }
                  }
                />,
                <div
                  className="countdown"
                >
                  <h4>
                    ico.presale
                  </h4>
                  <Countdown
                    controlled={false}
                    date={1531612800000}
                    daysInHours={false}
                    intervalDelay={1000}
                    precision={0}
                    renderer={[Function]}
                    zeroPadLength={2}
                  />
                </div>,
              ],
              "className": "col-xs-12 col-sm-push-1 col-sm-6 col-lg-5 col-lg-push-1",
            },
            "ref": null,
            "rendered": Array [
              Object {
                "instance": null,
                "key": undefined,
                "nodeType": "class",
                "props": Object {
                  "coin": "coss",
                  "style": Object {
                    "bottom": -10,
                    "height": 36,
                    "left": -40,
                    "width": 36,
                  },
                },
                "ref": null,
                "rendered": null,
                "type": [Function],
              },
              Object {
                "instance": null,
                "key": undefined,
                "nodeType": "class",
                "props": Object {
                  "coin": "eos",
                  "style": Object {
                    "height": 32,
                    "left": "70%",
                    "top": -20,
                    "width": 32,
                  },
                },
                "ref": null,
                "rendered": null,
                "type": [Function],
              },
              Object {
                "instance": null,
                "key": undefined,
                "nodeType": "class",
                "props": Object {
                  "coin": "btc",
                  "style": Object {
                    "height": 48,
                    "right": -20,
                    "top": 20,
                    "width": 48,
                  },
                },
                "ref": null,
                "rendered": null,
                "type": [Function],
              },
              Object {
                "instance": null,
                "key": undefined,
                "nodeType": "host",
                "props": Object {
                  "children": Array [
                    <h4>
                      ico.presale
                    </h4>,
                    <Countdown
                      controlled={false}
                      date={1531612800000}
                      daysInHours={false}
                      intervalDelay={1000}
                      precision={0}
                      renderer={[Function]}
                      zeroPadLength={2}
                    />,
                  ],
                  "className": "countdown",
                },
                "ref": null,
                "rendered": Array [
                  Object {
                    "instance": null,
                    "key": undefined,
                    "nodeType": "host",
                    "props": Object {
                      "children": "ico.presale",
                    },
                    "ref": null,
                    "rendered": "ico.presale",
                    "type": "h4",
                  },
                  Object {
                    "instance": null,
                    "key": undefined,
                    "nodeType": "class",
                    "props": Object {
                      "children": null,
                      "controlled": false,
                      "date": 1531612800000,
                      "daysInHours": false,
                      "intervalDelay": 1000,
                      "precision": 0,
                      "renderer": [Function],
                      "zeroPadLength": 2,
                    },
                    "ref": null,
                    "rendered": null,
                    "type": [Function],
                  },
                ],
                "type": "div",
              },
            ],
            "type": "div",
          },
        ],
        "type": "div",
      },
      "type": "div",
    },
    "type": "div",
  },
  Symbol(enzyme.__nodes__): Array [
    Object {
      "instance": null,
      "key": undefined,
      "nodeType": "host",
      "props": Object {
        "children": <div
          className="container"
        >
          <div
            className="row"
          >
            <div
              className="col-xs-12 col-sm-5 col-lg-6"
            >
              <h2>
                ico.title
              </h2>
              <h3>
                ico.desc
              </h3>
              <a
                className="btn btn btn-block btn-primary"
                href="https://Yoa.ltd/ico"
                onClick={[Function]}
                rel="noopener noreferrer"
                target="_blank"
              >
                ico.action
              </a>
            </div>
            <div
              className="col-xs-12 col-sm-push-1 col-sm-6 col-lg-5 col-lg-push-1"
            >
              <Ellipse
                coin="coss"
                style={
                  Object {
                    "bottom": -10,
                    "height": 36,
                    "left": -40,
                    "width": 36,
                  }
                }
              />
              <Ellipse
                coin="eos"
                style={
                  Object {
                    "height": 32,
                    "left": "70%",
                    "top": -20,
                    "width": 32,
                  }
                }
              />
              <Ellipse
                coin="btc"
                style={
                  Object {
                    "height": 48,
                    "right": -20,
                    "top": 20,
                    "width": 48,
                  }
                }
              />
              <div
                className="countdown"
              >
                <h4>
                  ico.presale
                </h4>
                <Countdown
                  controlled={false}
                  date={1531612800000}
                  daysInHours={false}
                  intervalDelay={1000}
                  precision={0}
                  renderer={[Function]}
                  zeroPadLength={2}
                />
              </div>
            </div>
          </div>
        </div>,
        "className": "container",
        "style": Object {
          "display": "none",
        },
      },
      "ref": null,
      "rendered": Object {
        "instance": null,
        "key": undefined,
        "nodeType": "host",
        "props": Object {
          "children": <div
            className="row"
          >
            <div
              className="col-xs-12 col-sm-5 col-lg-6"
            >
              <h2>
                ico.title
              </h2>
              <h3>
                ico.desc
              </h3>
              <a
                className="btn btn btn-block btn-primary"
                href="https://n.exchange/ico"
                onClick={[Function]}
                rel="noopener noreferrer"
                target="_blank"
              >
                ico.action
              </a>
            </div>
            <div
              className="col-xs-12 col-sm-push-1 col-sm-6 col-lg-5 col-lg-push-1"
            >
              <Ellipse
                coin="coss"
                style={
                  Object {
                    "bottom": -10,
                    "height": 36,
                    "left": -40,
                    "width": 36,
                  }
                }
              />
              <Ellipse
                coin="eos"
                style={
                  Object {
                    "height": 32,
                    "left": "70%",
                    "top": -20,
                    "width": 32,
                  }
                }
              />
              <Ellipse
                coin="btc"
                style={
                  Object {
                    "height": 48,
                    "right": -20,
                    "top": 20,
                    "width": 48,
                  }
                }
              />
              <div
                className="countdown"
              >
                <h4>
                  ico.presale
                </h4>
                <Countdown
                  controlled={false}
                  date={1531612800000}
                  daysInHours={false}
                  intervalDelay={1000}
                  precision={0}
                  renderer={[Function]}
                  zeroPadLength={2}
                />
              </div>
            </div>
          </div>,
          "className": "container",
        },
        "ref": null,
        "rendered": Object {
          "instance": null,
          "key": undefined,
          "nodeType": "host",
          "props": Object {
            "children": Array [
              <div
                className="col-xs-12 col-sm-5 col-lg-6"
              >
                <h2>
                  ico.title
                </h2>
                <h3>
                  ico.desc
                </h3>
                <a
                  className="btn btn btn-block btn-primary"
                  href="https://n.exchange/ico"
                  onClick={[Function]}
                  rel="noopener noreferrer"
                  target="_blank"
                >
                  ico.action
                </a>
              </div>,
              <div
                className="col-xs-12 col-sm-push-1 col-sm-6 col-lg-5 col-lg-push-1"
              >
                <Ellipse
                  coin="coss"
                  style={
                    Object {
                      "bottom": -10,
                      "height": 36,
                      "left": -40,
                      "width": 36,
                    }
                  }
                />
                <Ellipse
                  coin="eos"
                  style={
                    Object {
                      "height": 32,
                      "left": "70%",
                      "top": -20,
                      "width": 32,
                    }
                  }
                />
                <Ellipse
                  coin="btc"
                  style={
                    Object {
                      "height": 48,
                      "right": -20,
                      "top": 20,
                      "width": 48,
                    }
                  }
                />
                <div
                  className="countdown"
                >
                  <h4>
                    ico.presale
                  </h4>
                  <Countdown
                    controlled={false}
                    date={1531612800000}
                    daysInHours={false}
                    intervalDelay={1000}
                    precision={0}
                    renderer={[Function]}
                    zeroPadLength={2}
                  />
                </div>
              </div>,
            ],
            "className": "row",
          },
          "ref": null,
          "rendered": Array [
            Object {
              "instance": null,
              "key": undefined,
              "nodeType": "host",
              "props": Object {
                "children": Array [
                  <h2>
                    ico.title
                  </h2>,
                  <h3>
                    ico.desc
                  </h3>,
                  <a
                    className="btn btn btn-block btn-primary"
                    href="https://n.exchange/ico"
                    onClick={[Function]}
                    rel="noopener noreferrer"
                    target="_blank"
                  >
                    ico.action
                  </a>,
                ],
                "className": "col-xs-12 col-sm-5 col-lg-6",
              },
              "ref": null,
              "rendered": Array [
                Object {
                  "instance": null,
                  "key": undefined,
                  "nodeType": "host",
                  "props": Object {
                    "children": "ico.title",
                  },
                  "ref": null,
                  "rendered": "ico.title",
                  "type": "h2",
                },
                Object {
                  "instance": null,
                  "key": undefined,
                  "nodeType": "host",
                  "props": Object {
                    "children": "ico.desc",
                  },
                  "ref": null,
                  "rendered": "ico.desc",
                  "type": "h3",
                },
                Object {
                  "instance": null,
                  "key": undefined,
                  "nodeType": "host",
                  "props": Object {
                    "children": "ico.action",
                    "className": "btn btn btn-block btn-primary",
                    "href": "https://n.exchange/ico",
                    "onClick": [Function],
                    "rel": "noopener noreferrer",
                    "target": "_blank",
                  },
                  "ref": null,
                  "rendered": "ico.action",
                  "type": "a",
                },
              ],
              "type": "div",
            },
            Object {
              "instance": null,
              "key": undefined,
              "nodeType": "host",
              "props": Object {
                "children": Array [
                  <Ellipse
                    coin="coss"
                    style={
                      Object {
                        "bottom": -10,
                        "height": 36,
                        "left": -40,
                        "width": 36,
                      }
                    }
                  />,
                  <Ellipse
                    coin="eos"
                    style={
                      Object {
                        "height": 32,
                        "left": "70%",
                        "top": -20,
                        "width": 32,
                      }
                    }
                  />,
                  <Ellipse
                    coin="btc"
                    style={
                      Object {
                        "height": 48,
                        "right": -20,
                        "top": 20,
                        "width": 48,
                      }
                    }
                  />,
                  <div
                    className="countdown"
                  >
                    <h4>
                      ico.presale
                    </h4>
                    <Countdown
                      controlled={false}
                      date={1531612800000}
                      daysInHours={false}
                      intervalDelay={1000}
                      precision={0}
                      renderer={[Function]}
                      zeroPadLength={2}
                    />
                  </div>,
                ],
                "className": "col-xs-12 col-sm-push-1 col-sm-6 col-lg-5 col-lg-push-1",
              },
              "ref": null,
              "rendered": Array [
                Object {
                  "instance": null,
                  "key": undefined,
                  "nodeType": "class",
                  "props": Object {
                    "coin": "coss",
                    "style": Object {
                      "bottom": -10,
                      "height": 36,
                      "left": -40,
                      "width": 36,
                    },
                  },
                  "ref": null,
                  "rendered": null,
                  "type": [Function],
                },
                Object {
                  "instance": null,
                  "key": undefined,
                  "nodeType": "class",
                  "props": Object {
                    "coin": "eos",
                    "style": Object {
                      "height": 32,
                      "left": "70%",
                      "top": -20,
                      "width": 32,
                    },
                  },
                  "ref": null,
                  "rendered": null,
                  "type": [Function],
                },
                Object {
                  "instance": null,
                  "key": undefined,
                  "nodeType": "class",
                  "props": Object {
                    "coin": "btc",
                    "style": Object {
                      "height": 48,
                      "right": -20,
                      "top": 20,
                      "width": 48,
                    },
                  },
                  "ref": null,
                  "rendered": null,
                  "type": [Function],
                },
                Object {
                  "instance": null,
                  "key": undefined,
                  "nodeType": "host",
                  "props": Object {
                    "children": Array [
                      <h4>
                        ico.presale
                      </h4>,
                      <Countdown
                        controlled={false}
                        date={1531612800000}
                        daysInHours={false}
                        intervalDelay={1000}
                        precision={0}
                        renderer={[Function]}
                        zeroPadLength={2}
                      />,
                    ],
                    "className": "countdown",
                  },
                  "ref": null,
                  "rendered": Array [
                    Object {
                      "instance": null,
                      "key": undefined,
                      "nodeType": "host",
                      "props": Object {
                        "children": "ico.presale",
                      },
                      "ref": null,
                      "rendered": "ico.presale",
                      "type": "h4",
                    },
                    Object {
                      "instance": null,
                      "key": undefined,
                      "nodeType": "class",
                      "props": Object {
                        "children": null,
                        "controlled": false,
                        "date": 1531612800000,
                        "daysInHours": false,
                        "intervalDelay": 1000,
                        "precision": 0,
                        "renderer": [Function],
                        "zeroPadLength": 2,
                      },
                      "ref": null,
                      "rendered": null,
                      "type": [Function],
                    },
                  ],
                  "type": "div",
                },
              ],
              "type": "div",
            },
          ],
          "type": "div",
        },
        "type": "div",
      },
      "type": "div",
    },
  ],
  Symbol(enzyme.__options__): Object {
    "adapter": ReactSixteenAdapter {
      "options": Object {
        "enableComponentDidUpdateOnSetState": true,
        "legacyContextMode": "parent",
        "lifecycles": Object {
          "componentDidUpdate": Object {
            "onSetState": true,
          },
          "getChildContext": Object {
            "calledByRenderer": false,
          },
          "getDerivedStateFromError": true,
          "getDerivedStateFromProps": Object {
            "hasShouldComponentUpdateBug": false,
          },
          "getSnapshotBeforeUpdate": true,
          "setState": Object {
            "skipsComponentDidUpdateOnNullish": true,
          },
        },
      },
    },
    "context": Object {},
    Symbol(enzyme.__providerValues__): Map {},
  },
  Symbol(enzyme.__providerValues__): Map {},
}
`;
